// Jest Snapshot v1, https://goo.gl/fbAQLP

exports[`renders correctly 1`] = `
<section
  className="RidesListItem__StyledListItem-sc-1oxwasi-0 eELtrs"
  onClick={[Function]}
>
  <h3
    className="RidesListItem__RideHeading-sc-1oxwasi-1 bolJNL"
  />
  <p
    className="RidesListItem__RideEntry-sc-1oxwasi-2 hUXuxY"
  >
    <p />
    <p />
  </p>
</section>
`;
