// Jest Snapshot v1, https://goo.gl/fbAQLP

exports[`renders correctly 1`] = `
<div
  className="sc-AxhUy cYPgHd"
>
  <div
    className="sc-AxhCb kYmxMP"
  >
    <div
      className="sc-AxjAm kHribK"
      kind="gebuchte Fahrt"
      onClick={[Function]}
    >
      <h3
        className="sc-AxirZ ipKHmU"
      >
        gebuchte Fahrt
      </h3>
      <p
        className="sc-AxiKw jmdjKA"
        kind="gebuchte Fahrt"
      >
        <div>
          25.08.2020
        </div>
        <div>
          Hamburg
        </div>
      </p>
    </div>
    <div
      className="sc-AxjAm bYZKNw"
      kind="angebotene Fahrt"
      onClick={[Function]}
    >
      <h3
        className="sc-AxirZ ipKHmU"
      >
        angebotene Fahrt
      </h3>
      <p
        className="sc-AxiKw jmdjKA"
        kind="angebotene Fahrt"
      >
        <div>
          25.08.2020
        </div>
        <div>
          Hamburg
        </div>
      </p>
    </div>
    <div
      className="sc-AxjAm kHribK"
      kind="gebuchte Fahrt"
      onClick={[Function]}
    >
      <h3
        className="sc-AxirZ ipKHmU"
      >
        gebuchte Fahrt
      </h3>
      <p
        className="sc-AxiKw jmdjKA"
        kind="gebuchte Fahrt"
      >
        <div>
          25.08.2020
        </div>
        <div>
          Hamburg
        </div>
      </p>
    </div>
    <div
      className="sc-AxjAm kHribK"
      kind="gebuchte Fahrt"
      onClick={[Function]}
    >
      <h3
        className="sc-AxirZ ipKHmU"
      >
        gebuchte Fahrt
      </h3>
      <p
        className="sc-AxiKw jmdjKA"
        kind="gebuchte Fahrt"
      >
        <div>
          25.08.2020
        </div>
        <div>
          Warum
        </div>
      </p>
    </div>
    <div
      className="sc-AxjAm bYZKNw"
      kind="angebotene Fahrt"
      onClick={[Function]}
    >
      <h3
        className="sc-AxirZ ipKHmU"
      >
        angebotene Fahrt
      </h3>
      <p
        className="sc-AxiKw jmdjKA"
        kind="angebotene Fahrt"
      >
        <div>
          25.08.2020
        </div>
        <div>
          Hamburg
        </div>
      </p>
    </div>
    <div
      className="sc-AxjAm bYZKNw"
      kind="angebotene Fahrt"
      onClick={[Function]}
    >
      <h3
        className="sc-AxirZ ipKHmU"
      >
        angebotene Fahrt
      </h3>
      <p
        className="sc-AxiKw jmdjKA"
        kind="angebotene Fahrt"
      >
        <div>
          25.08.2020
        </div>
        <div>
          Warum
        </div>
      </p>
    </div>
    <div
      className="sc-AxjAm bYZKNw"
      kind="angebotene Fahrt"
      onClick={[Function]}
    >
      <h3
        className="sc-AxirZ ipKHmU"
      >
        angebotene Fahrt
      </h3>
      <p
        className="sc-AxiKw jmdjKA"
        kind="angebotene Fahrt"
      >
        <div>
          25.08.2020
        </div>
        <div>
          Hamburg
        </div>
      </p>
    </div>
    <div
      className="sc-AxjAm kHribK"
      kind="gebuchte Fahrt"
      onClick={[Function]}
    >
      <h3
        className="sc-AxirZ ipKHmU"
      >
        gebuchte Fahrt
      </h3>
      <p
        className="sc-AxiKw jmdjKA"
        kind="gebuchte Fahrt"
      >
        <div>
          25.08.2020
        </div>
        <div>
          Hamburg
        </div>
      </p>
    </div>
    <div
      className="sc-AxjAm bYZKNw"
      kind="angebotene Fahrt"
      onClick={[Function]}
    >
      <h3
        className="sc-AxirZ ipKHmU"
      >
        angebotene Fahrt
      </h3>
      <p
        className="sc-AxiKw jmdjKA"
        kind="angebotene Fahrt"
      >
        <div>
          25.08.2020
        </div>
        <div>
          Hamburg
        </div>
      </p>
    </div>
  </div>
</div>
`;
