// Jest Snapshot v1, https://goo.gl/fbAQLP

exports[`renders correctly 1`] = `
<div
  className="sc-AxhUy cYPgHd"
>
  <div
    className="sc-AxhCb kYmxMP"
  >
    <section
      className="sc-AxjAm kHribK"
      kind="gebuchte Fahrt"
      onClick={[Function]}
    >
      <h3
        className="sc-AxirZ ipKHmU"
      >
        gebuchte Fahrt
      </h3>
      <p
        className="sc-AxiKw jmdjKA"
      >
        <p>
          25.08.2020
        </p>
        <p>
          Hamburg
        </p>
      </p>
    </section>
    <section
      className="sc-AxjAm bYZKNw"
      kind="angebotene Fahrt"
      onClick={[Function]}
    >
      <h3
        className="sc-AxirZ ipKHmU"
      >
        angebotene Fahrt
      </h3>
      <p
        className="sc-AxiKw jmdjKA"
      >
        <p>
          25.08.2020
        </p>
        <p>
          Hamburg
        </p>
      </p>
    </section>
    <section
      className="sc-AxjAm kHribK"
      kind="gebuchte Fahrt"
      onClick={[Function]}
    >
      <h3
        className="sc-AxirZ ipKHmU"
      >
        gebuchte Fahrt
      </h3>
      <p
        className="sc-AxiKw jmdjKA"
      >
        <p>
          25.08.2020
        </p>
        <p>
          Hamburg
        </p>
      </p>
    </section>
    <section
      className="sc-AxjAm kHribK"
      kind="gebuchte Fahrt"
      onClick={[Function]}
    >
      <h3
        className="sc-AxirZ ipKHmU"
      >
        gebuchte Fahrt
      </h3>
      <p
        className="sc-AxiKw jmdjKA"
      >
        <p>
          25.08.2020
        </p>
        <p>
          Warum
        </p>
      </p>
    </section>
    <section
      className="sc-AxjAm bYZKNw"
      kind="angebotene Fahrt"
      onClick={[Function]}
    >
      <h3
        className="sc-AxirZ ipKHmU"
      >
        angebotene Fahrt
      </h3>
      <p
        className="sc-AxiKw jmdjKA"
      >
        <p>
          25.08.2020
        </p>
        <p>
          Hamburg
        </p>
      </p>
    </section>
    <section
      className="sc-AxjAm bYZKNw"
      kind="angebotene Fahrt"
      onClick={[Function]}
    >
      <h3
        className="sc-AxirZ ipKHmU"
      >
        angebotene Fahrt
      </h3>
      <p
        className="sc-AxiKw jmdjKA"
      >
        <p>
          25.08.2020
        </p>
        <p>
          Warum
        </p>
      </p>
    </section>
    <section
      className="sc-AxjAm bYZKNw"
      kind="angebotene Fahrt"
      onClick={[Function]}
    >
      <h3
        className="sc-AxirZ ipKHmU"
      >
        angebotene Fahrt
      </h3>
      <p
        className="sc-AxiKw jmdjKA"
      >
        <p>
          25.08.2020
        </p>
        <p>
          Hamburg
        </p>
      </p>
    </section>
    <section
      className="sc-AxjAm kHribK"
      kind="gebuchte Fahrt"
      onClick={[Function]}
    >
      <h3
        className="sc-AxirZ ipKHmU"
      >
        gebuchte Fahrt
      </h3>
      <p
        className="sc-AxiKw jmdjKA"
      >
        <p>
          25.08.2020
        </p>
        <p>
          Hamburg
        </p>
      </p>
    </section>
    <section
      className="sc-AxjAm bYZKNw"
      kind="angebotene Fahrt"
      onClick={[Function]}
    >
      <h3
        className="sc-AxirZ ipKHmU"
      >
        angebotene Fahrt
      </h3>
      <p
        className="sc-AxiKw jmdjKA"
      >
        <p>
          25.08.2020
        </p>
        <p>
          Hamburg
        </p>
      </p>
    </section>
  </div>
</div>
`;
