// Jest Snapshot v1, https://goo.gl/fbAQLP

exports[`renders correctly 1`] = `
<div
  className="App__Pagebody-sc-3vbase-1 ljNUdT"
>
  <div
    className="App__PageLayout-sc-3vbase-0 kPLutj"
  >
    <section
      className="RidesListItem__StyledListItem-sc-1oxwasi-0 hLwyPt"
      kind="gebuchte Fahrt"
      onClick={[Function]}
    >
      <h3
        className="RidesListItem__RideHeading-sc-1oxwasi-1 bolJNL"
      >
        gebuchte Fahrt
      </h3>
      <p
        className="RidesListItem__RideEntry-sc-1oxwasi-2 hUXuxY"
      >
        <p>
          25.08.2020
        </p>
        <p>
          Hamburg
        </p>
      </p>
    </section>
    <section
      className="RidesListItem__StyledListItem-sc-1oxwasi-0 jWBXOT"
      kind="angebotene Fahrt"
      onClick={[Function]}
    >
      <h3
        className="RidesListItem__RideHeading-sc-1oxwasi-1 bolJNL"
      >
        angebotene Fahrt
      </h3>
      <p
        className="RidesListItem__RideEntry-sc-1oxwasi-2 hUXuxY"
      >
        <p>
          25.08.2020
        </p>
        <p>
          Hamburg
        </p>
      </p>
    </section>
    <section
      className="RidesListItem__StyledListItem-sc-1oxwasi-0 hLwyPt"
      kind="gebuchte Fahrt"
      onClick={[Function]}
    >
      <h3
        className="RidesListItem__RideHeading-sc-1oxwasi-1 bolJNL"
      >
        gebuchte Fahrt
      </h3>
      <p
        className="RidesListItem__RideEntry-sc-1oxwasi-2 hUXuxY"
      >
        <p>
          25.08.2020
        </p>
        <p>
          Hamburg
        </p>
      </p>
    </section>
    <section
      className="RidesListItem__StyledListItem-sc-1oxwasi-0 hLwyPt"
      kind="gebuchte Fahrt"
      onClick={[Function]}
    >
      <h3
        className="RidesListItem__RideHeading-sc-1oxwasi-1 bolJNL"
      >
        gebuchte Fahrt
      </h3>
      <p
        className="RidesListItem__RideEntry-sc-1oxwasi-2 hUXuxY"
      >
        <p>
          25.08.2020
        </p>
        <p>
          Warum
        </p>
      </p>
    </section>
    <section
      className="RidesListItem__StyledListItem-sc-1oxwasi-0 jWBXOT"
      kind="angebotene Fahrt"
      onClick={[Function]}
    >
      <h3
        className="RidesListItem__RideHeading-sc-1oxwasi-1 bolJNL"
      >
        angebotene Fahrt
      </h3>
      <p
        className="RidesListItem__RideEntry-sc-1oxwasi-2 hUXuxY"
      >
        <p>
          25.08.2020
        </p>
        <p>
          Hamburg
        </p>
      </p>
    </section>
    <section
      className="RidesListItem__StyledListItem-sc-1oxwasi-0 jWBXOT"
      kind="angebotene Fahrt"
      onClick={[Function]}
    >
      <h3
        className="RidesListItem__RideHeading-sc-1oxwasi-1 bolJNL"
      >
        angebotene Fahrt
      </h3>
      <p
        className="RidesListItem__RideEntry-sc-1oxwasi-2 hUXuxY"
      >
        <p>
          25.08.2020
        </p>
        <p>
          Warum
        </p>
      </p>
    </section>
    <section
      className="RidesListItem__StyledListItem-sc-1oxwasi-0 jWBXOT"
      kind="angebotene Fahrt"
      onClick={[Function]}
    >
      <h3
        className="RidesListItem__RideHeading-sc-1oxwasi-1 bolJNL"
      >
        angebotene Fahrt
      </h3>
      <p
        className="RidesListItem__RideEntry-sc-1oxwasi-2 hUXuxY"
      >
        <p>
          25.08.2020
        </p>
        <p>
          Hamburg
        </p>
      </p>
    </section>
    <section
      className="RidesListItem__StyledListItem-sc-1oxwasi-0 hLwyPt"
      kind="gebuchte Fahrt"
      onClick={[Function]}
    >
      <h3
        className="RidesListItem__RideHeading-sc-1oxwasi-1 bolJNL"
      >
        gebuchte Fahrt
      </h3>
      <p
        className="RidesListItem__RideEntry-sc-1oxwasi-2 hUXuxY"
      >
        <p>
          25.08.2020
        </p>
        <p>
          Hamburg
        </p>
      </p>
    </section>
    <section
      className="RidesListItem__StyledListItem-sc-1oxwasi-0 jWBXOT"
      kind="angebotene Fahrt"
      onClick={[Function]}
    >
      <h3
        className="RidesListItem__RideHeading-sc-1oxwasi-1 bolJNL"
      >
        angebotene Fahrt
      </h3>
      <p
        className="RidesListItem__RideEntry-sc-1oxwasi-2 hUXuxY"
      >
        <p>
          25.08.2020
        </p>
        <p>
          Hamburg
        </p>
      </p>
    </section>
  </div>
  <nav
    className="sc-AxjAm eKjsPl"
  >
    <a
      aria-current={null}
      href="/search"
      onClick={[Function]}
    >
      <svg>
        search.svg
      </svg>
    </a>
    <a
      aria-current="page"
      className="active"
      href="/"
      onClick={[Function]}
      style={
        Object {
          "fill": "#3DA95B",
        }
      }
    >
      <svg>
        train.svg
      </svg>
    </a>
    <a
      aria-current={null}
      href="/create"
      onClick={[Function]}
    >
      <svg>
        plus.svg
      </svg>
    </a>
  </nav>
</div>
`;
